// Vitest Snapshot v1, https://vitest.dev/guide/snapshot.html

exports[`TicketTypeForm matches snapshot 1`] = `
<DocumentFragment>
  <div>
    <div
      class="mb-3"
    >
      <label
        class="form-label"
        for="«r0»"
      >
        Name (no spaces allowed — only letters, numbers, and underscores)
      </label>
      <input
        class="form-control"
        id="«r0»"
        name="name"
        style="font-family: monospace;"
        type="text"
        value=""
      />
    </div>
    <div
      class="mb-3"
    >
      <label
        class="form-label"
        for="«r1»"
      >
        Description
      </label>
      <input
        class="form-control"
        id="«r1»"
        name="description"
        type="text"
        value=""
      />
    </div>
    <fieldset
      class="mb-3"
    >
      <legend
        class="col-form-label"
      >
        Allows event signups?
      </legend>
      <div>
        <div
          class="form-check form-check-inline"
        >
          <label
            class="form-check-label"
            for="«r2»"
          >
            <input
              checked=""
              class="form-check-input"
              id="«r2»"
              name="allows_event_signups"
              type="radio"
              value="true"
            />
             Yes
          </label>
        </div>
        <div
          class="form-check form-check-inline"
        >
          <label
            class="form-check-label"
            for="«r3»"
          >
            <input
              class="form-check-input"
              id="«r3»"
              name="allows_event_signups"
              type="radio"
              value="false"
            />
             No
          </label>
        </div>
      </div>
    </fieldset>
    <fieldset
      class="mb-3"
    >
      <legend
        class="col-form-label"
      >
        Counts towards convention maximum?
      </legend>
      <div>
        <div
          class="form-check form-check-inline"
        >
          <label
            class="form-check-label"
            for="«r4»"
          >
            <input
              checked=""
              class="form-check-input"
              id="«r4»"
              name="counts_towards_convention_maximum"
              type="radio"
              value="true"
            />
             Yes
          </label>
        </div>
        <div
          class="form-check form-check-inline"
        >
          <label
            class="form-check-label"
            for="«r5»"
          >
            <input
              class="form-check-input"
              id="«r5»"
              name="counts_towards_convention_maximum"
              type="radio"
              value="false"
            />
             No
          </label>
        </div>
      </div>
    </fieldset>
    <div
      class="mb-3"
    >
      <label
        class="form-label"
        for="«r6»"
      >
        Number of event-provided bananas of this type (per event)
      </label>
      <input
        class="form-control"
        id="«r6»"
        name="maximum_event_provided_tickets"
        type="number"
        value="0"
      />
    </div>
  </div>
</DocumentFragment>
`;
