// Vitest Snapshot v1, https://vitest.dev/guide/snapshot.html

exports[`TicketTypeForm matches snapshot 1`] = `
<DocumentFragment>
  <div>
    <div
      class="mb-3"
    >
      <label
        class="form-label"
        for="_r_0_"
      >
        Name (no spaces allowed — only letters, numbers, and underscores)
      </label>
      <input
        class="form-control"
        id="_r_0_"
        name="name"
        style="font-family: monospace;"
        type="text"
        value=""
      />
    </div>
    <div
      class="mb-3"
    >
      <label
        class="form-label"
        for="_r_1_"
      >
        Description
      </label>
      <input
        class="form-control"
        id="_r_1_"
        name="description"
        type="text"
        value=""
      />
    </div>
    <fieldset
      class="mb-3"
    >
      <legend
        class="col-form-label"
      >
        Allows event signups?
      </legend>
      <div>
        <div
          class="form-check form-check-inline"
        >
          <label
            class="form-check-label"
            for="_r_2_"
          >
            <input
              checked=""
              class="form-check-input"
              id="_r_2_"
              name="allows_event_signups"
              type="radio"
              value="true"
            />
             Yes
          </label>
        </div>
        <div
          class="form-check form-check-inline"
        >
          <label
            class="form-check-label"
            for="_r_3_"
          >
            <input
              class="form-check-input"
              id="_r_3_"
              name="allows_event_signups"
              type="radio"
              value="false"
            />
             No
          </label>
        </div>
      </div>
    </fieldset>
    <fieldset
      class="mb-3"
    >
      <legend
        class="col-form-label"
      >
        Counts towards convention maximum?
      </legend>
      <div>
        <div
          class="form-check form-check-inline"
        >
          <label
            class="form-check-label"
            for="_r_4_"
          >
            <input
              checked=""
              class="form-check-input"
              id="_r_4_"
              name="counts_towards_convention_maximum"
              type="radio"
              value="true"
            />
             Yes
          </label>
        </div>
        <div
          class="form-check form-check-inline"
        >
          <label
            class="form-check-label"
            for="_r_5_"
          >
            <input
              class="form-check-input"
              id="_r_5_"
              name="counts_towards_convention_maximum"
              type="radio"
              value="false"
            />
             No
          </label>
        </div>
      </div>
    </fieldset>
    <div
      class="mb-3"
    >
      <label
        class="form-label"
        for="_r_6_"
      >
        Number of event-provided bananas of this type (per event)
      </label>
      <input
        class="form-control"
        id="_r_6_"
        name="maximum_event_provided_tickets"
        type="number"
        value="0"
      />
    </div>
  </div>
</DocumentFragment>
`;
